
> api@1.0.0 dev
> nodemon src/server.ts

[33m[nodemon] 3.1.14[39m
[33m[nodemon] to restart at any time, enter `rs`[39m
[33m[nodemon] watching path(s): src\**\*[39m
[33m[nodemon] watching extensions: ts[39m
[32m[nodemon] starting `tsx src/server.ts src/server.ts`[39m
◇ injected env (0) from .env // tip: ⌘ enable debugging { debug: true }
http://localhost:3000
Presione CTRL-C para detenerlo

[0mGET /cita/166 [32m200[0m 174.967 ms - 671[0m
[0mGET /cita [36m304[0m 18.128 ms - -[0m
[0mGET /perfilProfesional [36m304[0m 7.804 ms - -[0m
[0mGET /Servicio [36m304[0m 7.648 ms - -[0m
[0mGET /perfilProfesional [36m304[0m 3.491 ms - -[0m
[0mPUT /perfilProfesional/estado/41 [32m200[0m 67.414 ms - 112[0m
[0mPUT /perfilProfesional/estado/41 [32m200[0m 8.184 ms - 108[0m
[0mPOST /cita [33m401[0m 1.099 ms - 52[0m
[0mGET /cita [32m200[0m 7.053 ms - 11742[0m
[0mPOST /usuario/login [33m401[0m 74.987 ms - 54[0m
[0mPOST /cita [33m401[0m 0.793 ms - 56[0m
[0mPOST /usuario/login [32m200[0m 65.064 ms - 270[0m
[0mPOST /cita [32m201[0m 16.973 ms - 1564[0m
[0mGET /cita/169 [32m200[0m 5.794 ms - 691[0m
[0mGET /cita/169 [32m200[0m 6.198 ms - 691[0m
[0mGET /perfilProfesional [36m304[0m 8.145 ms - -[0m
[0mGET /Servicio [36m304[0m 9.532 ms - -[0m
[0mGET /cita/169 [33m404[0m 1.528 ms - 48[0m
[0mGET /perfilProfesional [32m200[0m 6.719 ms - 748[0m
[0mGET /Servicio [32m200[0m 35.950 ms - 2068[0m
[0mGET /usuario/perfil [36m304[0m 6.126 ms - -[0m
[0mGET /perfilProfesional [36m304[0m 8.471 ms - -[0m
[0mGET /Servicio [36m304[0m 12.705 ms - -[0m
[0mGET /Servicio/81 [32m200[0m 7.931 ms - 709[0m
[0mPOST /cita [32m201[0m 13.494 ms - 1549[0m
[0mGET /cita [32m200[0m 10.741 ms - 12020[0m
[0mGET /cita/170 [32m200[0m 6.323 ms - 676[0m
[0mGET /cita [36m304[0m 8.541 ms - -[0m
[0mGET /perfilProfesional [36m304[0m 5.049 ms - -[0m
[0mGET /Servicio [36m304[0m 5.763 ms - -[0m
[32m[nodemon] restarting due to changes...[39m
[32m[nodemon] starting `tsx src/server.ts src/server.ts`[39m
◇ injected env (0) from .env // tip: ⌘ custom filepath { path: '/custom/path/.env' }
http://localhost:3000
Presione CTRL-C para detenerlo

[32m[nodemon] restarting due to changes...[39m
[32m[nodemon] starting `tsx src/server.ts src/server.ts`[39m
◇ injected env (0) from .env // tip: ◈ secrets for agents [www.dotenvx.com]
http://localhost:3000
Presione CTRL-C para detenerlo

[32m[nodemon] restarting due to changes...[39m
[32m[nodemon] starting `tsx src/server.ts src/server.ts`[39m
◇ injected env (0) from .env // tip: ⌘ multiple files { path: ['.env.local', '.env'] }
http://localhost:3000
Presione CTRL-C para detenerlo

[32m[nodemon] restarting due to changes...[39m
[32m[nodemon] starting `tsx src/server.ts src/server.ts`[39m
◇ injected env (0) from .env // tip: ⌘ custom filepath { path: '/custom/path/.env' }
http://localhost:3000
Presione CTRL-C para detenerlo

[32m[nodemon] restarting due to changes...[39m
[32m[nodemon] starting `tsx src/server.ts src/server.ts`[39m
◇ injected env (0) from .env // tip: ◈ encrypted .env [www.dotenvx.com]
http://localhost:3000
Presione CTRL-C para detenerlo

[32m[nodemon] restarting due to changes...[39m
[32m[nodemon] starting `tsx src/server.ts src/server.ts`[39m
◇ injected env (0) from .env // tip: ⌘ enable debugging { debug: true }
http://localhost:3000
Presione CTRL-C para detenerlo

[0mGET /usuario/perfil [32m200[0m 161.266 ms - 263[0m
[0mGET /Servicio [36m304[0m 10.783 ms - -[0m
[0mGET /usuario/perfil [36m304[0m 11.552 ms - -[0m
[0mGET /Servicio [36m304[0m 9.935 ms - -[0m
[0mGET /usuario/perfil [36m304[0m 8.743 ms - -[0m
[0mGET /Servicio [36m304[0m 10.234 ms - -[0m
[0mGET /usuario/perfil [36m304[0m 3.797 ms - -[0m
[0mGET /Servicio [36m304[0m 6.917 ms - -[0m
[0mGET /usuario/perfil [36m304[0m 5.142 ms - -[0m
[0mGET /Servicio [36m304[0m 9.988 ms - -[0m
[0mGET /usuario/perfil [36m304[0m 6.038 ms - -[0m
[0mGET /Servicio [36m304[0m 6.053 ms - -[0m
[0mGET /usuario/perfil [36m304[0m 4.274 ms - -[0m
[0mGET /Servicio [36m304[0m 4.927 ms - -[0m
[0mGET /usuario/perfil [36m304[0m 6.527 ms - -[0m
[0mGET /Servicio [36m304[0m 7.258 ms - -[0m
[0mGET /usuario/perfil [36m304[0m 7.474 ms - -[0m
[0mGET /Servicio [36m304[0m 13.425 ms - -[0m
[0mGET /usuario/perfil [36m304[0m 5.952 ms - -[0m
[0mGET /Servicio [36m304[0m 7.536 ms - -[0m
[0mGET /usuario/perfil [36m304[0m 5.842 ms - -[0m
[0mGET /Servicio [36m304[0m 9.233 ms - -[0m
[0mPOST /usuario/login [32m200[0m 88.379 ms - 279[0m
[0mGET /usuario/perfil [32m200[0m 4.030 ms - 275[0m
[0mGET /Servicio [32m200[0m 4.045 ms - 2068[0m
[0mPUT /Servicio/estado/81 [33m401[0m 1.079 ms - 52[0m
[0mPUT /Servicio/estado/83 [33m403[0m 12.176 ms - 76[0m
[0mPUT /Servicio/estado/81 [32m200[0m 22.617 ms - 125[0m
[0mPUT /perfilProfesional/42 [33m400[0m 2.237 ms - 1258[0m
[0mPUT /perfilProfesional/estado/41 [32m200[0m 14.039 ms - 112[0m
[0mPUT /perfilProfesional/ [33m404[0m 0.737 ms - 157[0m
[0mPOST /Servicio [33m400[0m 9.838 ms - 806[0m
[0mGET /categoria [32m200[0m 2.076 ms - 259[0m
[0mGET /Servicio [32m200[0m 4.824 ms - 2070[0m
[0mGET /perfilProfesional [32m200[0m 4.904 ms - 749[0m
[0mPUT /Servicio/estado/81 [32m200[0m 20.931 ms - 121[0m
[0mPUT /perfilProfesional/estado/41 [32m200[0m 13.287 ms - 108[0m
[0mPUT /perfilProfesional/42 [33m400[0m 4.250 ms - 1476[0m
[0mPOST /perfilProfesional/ [33m400[0m 3.030 ms - 1476[0m
[0mPOST /Servicio [33m400[0m 15.867 ms - 815[0m
[0mGET /especialidades [32m200[0m 2.454 ms - 767[0m
[0mPUT /Servicio/estado/81 [32m200[0m 18.207 ms - 125[0m
[0mPUT /perfilProfesional/estado/41 [32m200[0m 11.147 ms - 112[0m
[0mPUT /perfilProfesional/estado/42 [33m403[0m 5.092 ms - 86[0m
[0mGET /perfilProfesional [32m200[0m 3.704 ms - 749[0m
[0mGET /cita [36m304[0m 13.688 ms - -[0m
[0mGET /perfilProfesional [36m304[0m 4.174 ms - -[0m
[0mGET /Servicio [32m200[0m 5.990 ms - 2070[0m
[0mGET /cita [36m304[0m 6.246 ms - -[0m
[0mGET /perfilProfesional [36m304[0m 4.652 ms - -[0m
[0mGET /Servicio [36m304[0m 5.383 ms - -[0m
[0mPOST /Servicio [32m201[0m 35.709 ms - 1184[0m
[0mPOST /usuario/login [32m200[0m 85.216 ms - 270[0m
[0mPUT /Servicio/estado/82 [33m403[0m 2.166 ms - 71[0m
[0mPOST /usuario/login [32m200[0m 79.991 ms - 282[0m
[0mPUT /Servicio/estado/82 [32m200[0m 5.761 ms - 133[0m
[0mPUT /Servicio/estado/82 [32m200[0m 6.532 ms - 129[0m
[0mGET /Servicio [32m200[0m 4.955 ms - 2070[0m
[0mGET /perfilProfesional [32m200[0m 2.669 ms - 749[0m
[0mPOST /usuario/login [32m200[0m 68.035 ms - 270[0m
[0mGET /usuario/perfil [32m200[0m 2.961 ms - 263[0m
[0mPUT /Servicio/estado/81 [32m200[0m 12.471 ms - 121[0m
[0mPUT /perfilProfesional/estado/41 [32m200[0m 10.343 ms - 108[0m
[0mGET /Servicio [32m200[0m 3.428 ms - 2068[0m
[0mGET /perfilProfesional [32m200[0m 3.328 ms - 748[0m
[0mGET /perfilProfesional [32m200[0m 3.444 ms - 748[0m
[0mGET /categoria [32m200[0m 4.106 ms - 259[0m
[0mGET /especialidades [32m200[0m 6.199 ms - 767[0m
[0mGET /perfilProfesional [32m200[0m 10.810 ms - 748[0m
[0mGET /Servicio [32m200[0m 4.075 ms - 2068[0m
[0mGET /perfilProfesional [32m200[0m 3.401 ms - 748[0m
[0mPOST /usuario/login [32m200[0m 71.060 ms - 282[0m
[0mGET /usuario/perfil [32m200[0m 3.388 ms - 283[0m
[0mGET /categoria [36m304[0m 4.864 ms - -[0m
[0mGET /perfilProfesional [36m304[0m 6.957 ms - -[0m
[0mGET /Servicio [32m200[0m 10.030 ms - 2068[0m
[0mGET /Servicio [36m304[0m 7.747 ms - -[0m
[0mGET /perfilProfesional [36m304[0m 3.665 ms - -[0m
