SyntaxError: Unexpected token 'n', "nombre=Hac"... is not valid JSON
    at JSON.parse (<anonymous>)
    at createStrictSyntaxError (C:\Users\Usuario\Downloads\Proyecto_Salon_Bellaza\api\node_modules\body-parser\lib\types\json.js:109:10)
    at parse (C:\Users\Usuario\Downloads\Proyecto_Salon_Bellaza\api\node_modules\body-parser\lib\types\json.js:66:15)
    at C:\Users\Usuario\Downloads\Proyecto_Salon_Bellaza\api\node_modules\body-parser\lib\read.js:162:18
    at AsyncResource.runInAsyncScope (node:async_hooks:227:14)
    at invokeCallback (C:\Users\Usuario\Downloads\Proyecto_Salon_Bellaza\api\node_modules\raw-body\index.js:238:16)
    at done (C:\Users\Usuario\Downloads\Proyecto_Salon_Bellaza\api\node_modules\raw-body\index.js:227:7)
    at IncomingMessage.onEnd (C:\Users\Usuario\Downloads\Proyecto_Salon_Bellaza\api\node_modules\raw-body\index.js:287:7)
    at IncomingMessage.emit (node:events:509:28)
    at endReadableNT (node:internal/streams/readable:1735:12)
BadRequestError: La categoría indicada no existe
    at AppError.badRequest (C:\Users\Usuario\Downloads\Proyecto_Salon_Bellaza\api\src\utils\app-error.ts:36:16)
    at Object.validateCategoria (C:\Users\Usuario\Downloads\Proyecto_Salon_Bellaza\api\src\services\servicio.service.ts:164:28)
    at process.processTicksAndRejections (node:internal/process/task_queues:104:5)
    at async Object.crear (C:\Users\Usuario\Downloads\Proyecto_Salon_Bellaza\api\src\services\servicio.service.ts:208:9)
    at async crear (C:\Users\Usuario\Downloads\Proyecto_Salon_Bellaza\api\src\controllers\servicio.controller.ts:117:26)
BadRequestError: Datos de entrada inválidos
    at AppError.badRequest (C:\Users\Usuario\Downloads\Proyecto_Salon_Bellaza\api\src\utils\app-error.ts:36:16)
    at <anonymous> (C:\Users\Usuario\Downloads\Proyecto_Salon_Bellaza\api\src\middlewares\validate-request.middleware.ts:15:28)
    at Layer.handleRequest (C:\Users\Usuario\Downloads\Proyecto_Salon_Bellaza\api\node_modules\router\lib\layer.js:152:17)
    at next (C:\Users\Usuario\Downloads\Proyecto_Salon_Bellaza\api\node_modules\router\lib\route.js:157:13)
    at authenticateToken (C:\Users\Usuario\Downloads\Proyecto_Salon_Bellaza\api\src\middlewares\auth.middleware.ts:35:9)
    at Layer.handleRequest (C:\Users\Usuario\Downloads\Proyecto_Salon_Bellaza\api\node_modules\router\lib\layer.js:152:17)
    at next (C:\Users\Usuario\Downloads\Proyecto_Salon_Bellaza\api\node_modules\router\lib\route.js:157:13)
    at Route.dispatch (C:\Users\Usuario\Downloads\Proyecto_Salon_Bellaza\api\node_modules\router\lib\route.js:117:3)
    at handle (C:\Users\Usuario\Downloads\Proyecto_Salon_Bellaza\api\node_modules\router\index.js:435:11)
    at Layer.handleRequest (C:\Users\Usuario\Downloads\Proyecto_Salon_Bellaza\api\node_modules\router\lib\layer.js:152:17)
BadRequestError: Datos de entrada inválidos
    at AppError.badRequest (C:\Users\Usuario\Downloads\Proyecto_Salon_Bellaza\api\src\utils\app-error.ts:36:16)
    at <anonymous> (C:\Users\Usuario\Downloads\Proyecto_Salon_Bellaza\api\src\middlewares\validate-request.middleware.ts:15:28)
    at Layer.handleRequest (C:\Users\Usuario\Downloads\Proyecto_Salon_Bellaza\api\node_modules\router\lib\layer.js:152:17)
    at next (C:\Users\Usuario\Downloads\Proyecto_Salon_Bellaza\api\node_modules\router\lib\route.js:157:13)
    at authenticateToken (C:\Users\Usuario\Downloads\Proyecto_Salon_Bellaza\api\src\middlewares\auth.middleware.ts:35:9)
    at Layer.handleRequest (C:\Users\Usuario\Downloads\Proyecto_Salon_Bellaza\api\node_modules\router\lib\layer.js:152:17)
    at next (C:\Users\Usuario\Downloads\Proyecto_Salon_Bellaza\api\node_modules\router\lib\route.js:157:13)
    at Route.dispatch (C:\Users\Usuario\Downloads\Proyecto_Salon_Bellaza\api\node_modules\router\lib\route.js:117:3)
    at handle (C:\Users\Usuario\Downloads\Proyecto_Salon_Bellaza\api\node_modules\router\index.js:435:11)
    at Layer.handleRequest (C:\Users\Usuario\Downloads\Proyecto_Salon_Bellaza\api\node_modules\router\lib\layer.js:152:17)
BadRequestError: Una o más especialidades no existen
    at AppError.badRequest (C:\Users\Usuario\Downloads\Proyecto_Salon_Bellaza\api\src\utils\app-error.ts:36:16)
    at Object.validateEspecialidades (C:\Users\Usuario\Downloads\Proyecto_Salon_Bellaza\api\src\services\servicio.service.ts:180:28)
    at process.processTicksAndRejections (node:internal/process/task_queues:104:5)
    at async Object.crear (C:\Users\Usuario\Downloads\Proyecto_Salon_Bellaza\api\src\services\servicio.service.ts:209:9)
    at async crear (C:\Users\Usuario\Downloads\Proyecto_Salon_Bellaza\api\src\controllers\servicio.controller.ts:117:26)
